Test List of Name[0] = Dan
Test List of Name[1] = James
Test List of Name[2] = Jason
Test List of Name[3] = Katrina
Test List of Name[4] = Llewellyn
